// Vitest Snapshot v1, https://vitest.dev/guide/snapshot.html

exports[`Rae Chat UI > should match last snapshot 1`] = `
<div>
  <div
    class="_title_1346f5"
  >
    Hello!
     
    <span
      aria-label="Waving hand emoji"
      role="img"
    >
      ðŸ‘‹
    </span>
  </div>
</div>
`;
